******************************************************************************
                  TI ARM Linker PC v20.2.7                     
******************************************************************************
>> Linked Wed Nov 19 18:10:35 2025

OUTPUT FILE NAME:   <LSE.out>
ENTRY POINT SYMBOL: "_c_int00_noargs"  address: 00000e31


MEMORY CONFIGURATION

         name            origin    length      used     unused   attr    fill
----------------------  --------  ---------  --------  --------  ----  --------
  FLASH                 00000000   00040000  00000f64  0003f09c  R  X
  SRAM                  20000000   00008000  00000204  00007dfc  RW X


SEGMENT ALLOCATION MAP

run origin  load origin   length   init length attrs members
----------  ----------- ---------- ----------- ----- -------
00000000    00000000    00000f64   00000f64    r-x
  00000000    00000000    0000026c   0000026c    r-- .intvecs
  0000026c    0000026c    00000c78   00000c78    r-x .text
  00000ee4    00000ee4    0000006c   0000006c    r-- .const
  00000f50    00000f50    00000014   00000014    r-- .cinit
20000000    20000000    00000204   00000000    rw-
  20000000    20000000    00000200   00000000    rw- .stack
  20000200    20000200    00000004   00000000    rw- .bss


SECTION ALLOCATION MAP

 output                                  attributes/
section   page    origin      length       input sections
--------  ----  ----------  ----------   ----------------
.intvecs   0    00000000    0000026c     
                  00000000    0000026c     startup_ccs.obj (.intvecs)

.text      0    0000026c    00000c78     
                  0000026c    00000270     Timers.obj (.text:Timer0IntHandler)
                  000004dc    000001b6     rtsv7M4_T_le_v4SPD16_eabi.lib : fd_add_t2.asm.obj (.text)
                  00000692    00000002     startup_ccs.obj (.text:FaultISR)
                  00000694    00000140     GPIOs.obj (.text:Setup_PWMs)
                  000007d4    00000136     rtsv7M4_T_le_v4SPD16_eabi.lib : fd_div_t2.asm.obj (.text)
                  0000090a    00000002     startup_ccs.obj (.text:IntDefaultHandler)
                  0000090c    00000118     driverlib.lib : sysctl.obj (.text:SysCtlClockGet)
                  00000a24    0000010c     GPIOs.obj (.text:Setup_GPIOs)
                  00000b30    000000fc     rtsv7M4_T_le_v4SPD16_eabi.lib : fd_mul_t2.asm.obj (.text)
                  00000c2c    0000008c     main.obj (.text:main)
                  00000cb8    00000084     Timers.obj (.text:Setup_Timers)
                  00000d3c    00000044     rtsv7M4_T_le_v4SPD16_eabi.lib : autoinit.c.obj (.text:__TI_auto_init_nobinit_nopinit:__TI_auto_init_nobinit_nopinit)
                  00000d80    00000044                                   : fd_tou_t2.asm.obj (.text)
                  00000dc4    00000038     driverlib.lib : sysctl.obj (.text:SysCtlPeripheralReady)
                  00000dfc    00000034                   : sysctl.obj (.text:SysCtlPeripheralEnable)
                  00000e30    00000034     rtsv7M4_T_le_v4SPD16_eabi.lib : boot_cortex_m.c.obj (.text:_c_int00_noargs:_c_int00_noargs)
                  00000e64    0000002e                                   : i_tofd_t2.asm.obj (.text)
                  00000e92    00000020                                   : u_tofd_t2.asm.obj (.text)
                  00000eb2    0000001c                                   : copy_zero_init.c.obj (.text:decompress:ZI:__TI_zero_init_nomemset:__TI_zero_init_nomemset)
                  00000ece    00000006     driverlib.lib : gpio.obj (.text:GPIOPinWrite)
                  00000ed4    00000006     startup_ccs.obj (.text:ResetISR)
                  00000eda    00000004     rtsv7M4_T_le_v4SPD16_eabi.lib : pre_init.c.obj (.text:_system_pre_init)
                  00000ede    00000004                                   : exit.c.obj (.text:abort:abort)
                  00000ee2    00000002     startup_ccs.obj (.text:NmiSR)

.const     0    00000ee4    0000006c     
                  00000ee4    0000006c     driverlib.lib : sysctl.obj (.const:g_pui32Xtals)

.cinit     0    00000f50    00000014     
                  00000f50    00000008     (.cinit..bss.load) [load image, compression = zero_init]
                  00000f58    00000004     (__TI_handler_table)
                  00000f5c    00000008     (__TI_cinit_table)

.init_array 
*          0    00000000    00000000     UNINITIALIZED

.bss       0    20000200    00000004     UNINITIALIZED
                  20000200    00000002     (.common:count)
                  20000202    00000001     (.common:state_low)
                  20000203    00000001     (.common:state_pwm)

.stack     0    20000000    00000200     UNINITIALIZED
                  20000000    00000004     rtsv7M4_T_le_v4SPD16_eabi.lib : boot_cortex_m.c.obj (.stack)
                  20000004    000001fc     --HOLE--

__llvm_prf_cnts 
*          0    20000000    00000000     UNINITIALIZED

.binit     0    00000000    00000000     

MODULE SUMMARY

       Module                 code   ro data   rw data
       ------                 ----   -------   -------
    .\
       Timers.obj             756    0         4      
       startup_ccs.obj        12     620       0      
       GPIOs.obj              588    0         0      
       main.obj               140    0         0      
    +--+----------------------+------+---------+---------+
       Total:                 1496   620       4      
                                                      
    C:/ti/TivaWare_C_Series-2.2.0.295/driverlib/ccs/Debug/driverlib.lib
       sysctl.obj             388    108       0      
       gpio.obj               6      0         0      
    +--+----------------------+------+---------+---------+
       Total:                 394    108       0      
                                                      
    C:\ti\ccs1281\ccs\tools\compiler\ti-cgt-arm_20.2.7.LTS\lib\rtsv7M4_T_le_v4SPD16_eabi.lib
       fd_add_t2.asm.obj      438    0         0      
       fd_div_t2.asm.obj      310    0         0      
       fd_mul_t2.asm.obj      252    0         0      
       autoinit.c.obj         68     0         0      
       fd_tou_t2.asm.obj      68     0         0      
       boot_cortex_m.c.obj    52     0         0      
       i_tofd_t2.asm.obj      46     0         0      
       u_tofd_t2.asm.obj      32     0         0      
       copy_zero_init.c.obj   28     0         0      
       exit.c.obj             4      0         0      
       pre_init.c.obj         4      0         0      
    +--+----------------------+------+---------+---------+
       Total:                 1302   0         0      
                                                      
       Stack:                 0      0         512    
       Linker Generated:      0      20        0      
    +--+----------------------+------+---------+---------+
       Grand Total:           3192   748       516    


LINKER GENERATED COPY TABLES

__TI_cinit_table @ 00000f5c records: 1, size/record: 8, table size: 8
	.bss: load addr=00000f50, load size=00000008 bytes, run addr=20000200, run size=00000004 bytes, compression=zero_init


LINKER GENERATED HANDLER TABLE

__TI_handler_table @ 00000f58 records: 1, size/record: 4, table size: 4
	index: 0, handler: __TI_zero_init


GLOBAL SYMBOLS: SORTED ALPHABETICALLY BY Name 

address   name                          
-------   ----                          
00000edf  C$$EXIT                       
00000ecf  GPIOPinWrite                  
00000ed5  ResetISR                      
00000a25  Setup_GPIOs                   
00000695  Setup_PWMs                    
00000cb9  Setup_Timers                  
0000090d  SysCtlClockGet                
00000dfd  SysCtlPeripheralEnable        
00000dc5  SysCtlPeripheralReady         
0000026d  Timer0IntHandler              
20000200  __STACK_END                   
00000200  __STACK_SIZE                  
20000200  __STACK_TOP                   
00000f5c  __TI_CINIT_Base               
00000f64  __TI_CINIT_Limit              
00000f58  __TI_Handler_Table_Base       
00000f5c  __TI_Handler_Table_Limit      
00000d3d  __TI_auto_init_nobinit_nopinit
ffffffff  __TI_pprof_out_hndl           
ffffffff  __TI_prof_data_size           
ffffffff  __TI_prof_data_start          
00000000  __TI_static_base__            
00000eb3  __TI_zero_init_nomemset       
00000d81  __aeabi_d2uiz                 
000004e7  __aeabi_dadd                  
000007d5  __aeabi_ddiv                  
00000b31  __aeabi_dmul                  
000004dd  __aeabi_dsub                  
00000e65  __aeabi_i2d                   
00000e93  __aeabi_ui2d                  
ffffffff  __binit__                     
ffffffff  __c_args__                    
UNDEFED   __mpu_init                    
20000000  __stack                       
20000000  __start___llvm_prf_cnts       
20000000  __stop___llvm_prf_cnts        
00000e31  _c_int00_noargs               
UNDEFED   _system_post_cinit            
00000edb  _system_pre_init              
00000edf  abort                         
ffffffff  binit                         
20000200  count                         
00000000  g_pfnVectors                  
00000c2d  main                          
20000202  state_low                     
20000203  state_pwm                     


GLOBAL SYMBOLS: SORTED BY Symbol Address 

address   name                          
-------   ----                          
00000000  __TI_static_base__            
00000000  g_pfnVectors                  
00000200  __STACK_SIZE                  
0000026d  Timer0IntHandler              
000004dd  __aeabi_dsub                  
000004e7  __aeabi_dadd                  
00000695  Setup_PWMs                    
000007d5  __aeabi_ddiv                  
0000090d  SysCtlClockGet                
00000a25  Setup_GPIOs                   
00000b31  __aeabi_dmul                  
00000c2d  main                          
00000cb9  Setup_Timers                  
00000d3d  __TI_auto_init_nobinit_nopinit
00000d81  __aeabi_d2uiz                 
00000dc5  SysCtlPeripheralReady         
00000dfd  SysCtlPeripheralEnable        
00000e31  _c_int00_noargs               
00000e65  __aeabi_i2d                   
00000e93  __aeabi_ui2d                  
00000eb3  __TI_zero_init_nomemset       
00000ecf  GPIOPinWrite                  
00000ed5  ResetISR                      
00000edb  _system_pre_init              
00000edf  C$$EXIT                       
00000edf  abort                         
00000f58  __TI_Handler_Table_Base       
00000f5c  __TI_CINIT_Base               
00000f5c  __TI_Handler_Table_Limit      
00000f64  __TI_CINIT_Limit              
20000000  __stack                       
20000000  __start___llvm_prf_cnts       
20000000  __stop___llvm_prf_cnts        
20000200  __STACK_END                   
20000200  __STACK_TOP                   
20000200  count                         
20000202  state_low                     
20000203  state_pwm                     
ffffffff  __TI_pprof_out_hndl           
ffffffff  __TI_prof_data_size           
ffffffff  __TI_prof_data_start          
ffffffff  __binit__                     
ffffffff  __c_args__                    
ffffffff  binit                         
UNDEFED   __mpu_init                    
UNDEFED   _system_post_cinit            

[46 symbols]
